==============================================================================
  DDTree gemma4-E2B : Python ddtree_ref  vs  nntrainer runtime  — TREE PARITY LOG
==============================================================================
  generated      : 2026-06-08T22:21:34
  model/weight   : gemma4-E2B Q4_0 (nntr_gemma4_q40_embdq6k.bin)
  prompt         : 'Explain in detail how photosynthesis works, step by step.'
  budget/horizon : 31 / 15   (32-node tree)
  method         : nntrainer runtime dumps each block's draft logits ([15,262144] fp32);
                   Python ddtree_ref.build_ddtree_tree() rebuilds the tree from the SAME
                   logits; every field compared element-by-element vs the runtime dump.
  blocks         : 7   accept_lengths=[16, 16, 3, 16, 16, 16, 16]

------------------------------------------------------------------------------
  PER-BLOCK SUMMARY
------------------------------------------------------------------------------
  blk nodes  parents  tokens  depths  posns  accepted  next   visibility cells
    0    32       OK      OK      OK     OK        OK    OK          1024/1024
    1    32       OK      OK      OK     OK        OK    OK          1024/1024
    2    32       OK      OK      OK     OK        OK    OK          1024/1024
    3    32       OK      OK      OK     OK        OK    OK          1024/1024
    4    32       OK      OK      OK     OK        OK    OK          1024/1024
    5    32       OK      OK      OK     OK        OK    OK          1024/1024
    6    32       OK      OK      OK     OK        OK    OK          1024/1024

  TOTAL visibility cells compared across all blocks: 7168/7168  (ALL MATCH)

------------------------------------------------------------------------------
  BLOCK 2 — FULL 32x32=1024-CELL VISIBILITY MATRIX  (Python rebuild vs nntrainer)
  root=531 ' to'  start_pos=51  alen=3  accepted=[0, 1, 5]
------------------------------------------------------------------------------
  legend: 1=node attends to key, .=masked    (left=Python, right=nntrainer)

   PYTHON                               NNTRAINER
      01234567890123456789012345678901        01234567890123456789012345678901
   0  1...............................   0  1...............................
   1  11..............................   1  11..............................
   2  111.............................   2  111.............................
   3  1111............................   3  1111............................
   4  11111...........................   4  11111...........................
   5  11...1..........................   5  11...1..........................
   6  11...11.........................   6  11...11.........................
   7  11111..1........................   7  11111..1........................
   8  11111..11.......................   8  11111..11.......................
   9  11111..111......................   9  11111..111......................
  10  11111..1111.....................  10  11111..1111.....................
  11  11111..11111....................  11  11111..11111....................
  12  11111..111111...................  12  11111..111111...................
  13  11111..1111111..................  13  11111..1111111..................
  14  11111..11111111.................  14  11111..11111111.................
  15  11111..111111111................  15  11111..111111111................
  16  11111..1111111111...............  16  11111..1111111111...............
  17  11111..11111111111..............  17  11111..11111111111..............
  18  11...11...........1.............  18  11...11...........1.............
  19  11...11...........11............  19  11...11...........11............
  20  11...11...........111...........  20  11...11...........111...........
  21  11...11...........1111..........  21  11...11...........1111..........
  22  11...11...........11111.........  22  11...11...........11111.........
  23  11...11...........111111........  23  11...11...........111111........
  24  11...11...........1111111.......  24  11...11...........1111111.......
  25  11...11...........11111111......  25  11...11...........11111111......
  26  11...11...........111111111.....  26  11...11...........111111111.....
  27  11...11...........1111111111....  27  11...11...........1111111111....
  28  11...11...........11111111111...  28  11...11...........11111111111...
  29  11...11...........111111111111..  29  11...11...........111111111111..
  30  11111.........................1.  30  11111.........................1.
  31  11111.........................11  31  11111.........................11

  cell-by-cell diff for block 2: 0 differing cells out of 1024  => IDENTICAL (1024/1024)

==============================================================================
  VERDICT: tree fields (parents/tokens/depths/positions/posterior/accepted/next)
           AND all 7168 visibility cells across 7 blocks are
           element-by-element IDENTICAL between Python ddtree_ref and nntrainer.
==============================================================================
